// Jest Snapshot v1, https://goo.gl/fbAQLP

exports[`renders dashboard 1`] = `
Object {
  "asFragment": [Function],
  "baseElement": <body>
    <div>
      <div
        class="dashboard-container"
      >
        <div
          class="charts-container"
        >
          <div
            class="chart-card"
          >
            <h3>
              Orders Count
            </h3>
            <div>
              Loading Chart
            </div>
          </div>
          <div
            class="chart-card"
          >
            <h3>
              Orders Total Price
            </h3>
            <div>
              Loading Chart
            </div>
          </div>
        </div>
        <div
          class="table-container"
        >
          <div
            class="ant-table-wrapper"
          >
            <div
              class="ant-spin-nested-loading"
            >
              <div
                class="ant-spin-container"
              >
                <div
                  class="ant-table ant-table-empty"
                >
                  <div
                    class="ant-table-container"
                  >
                    <div
                      class="ant-table-content"
                    >
                      <table
                        style="table-layout: auto;"
                      >
                        <colgroup />
                        <thead
                          class="ant-table-thead"
                        >
                          <tr>
                            <th
                              class="ant-table-cell"
                            >
                              ID
                            </th>
                            <th
                              class="ant-table-cell"
                            >
                              First Name
                            </th>
                            <th
                              class="ant-table-cell"
                            >
                              Last Name
                            </th>
                            <th
                              class="ant-table-cell"
                            >
                              Email
                            </th>
                            <th
                              class="ant-table-cell"
                            >
                              Created
                            </th>
                            <th
                              class="ant-table-cell"
                            >
                              Orders
                            </th>
                          </tr>
                        </thead>
                        <tbody
                          class="ant-table-tbody"
                        >
                          <tr
                            class="ant-table-placeholder"
                          >
                            <td
                              class="ant-table-cell"
                              colspan="6"
                            >
                              <div
                                class="ant-empty ant-empty-normal"
                              >
                                <div
                                  class="ant-empty-image"
                                >
                                  <svg
                                    class="ant-empty-img-simple"
                                    height="41"
                                    viewBox="0 0 64 41"
                                    width="64"
                                    xmlns="http://www.w3.org/2000/svg"
                                  >
                                    <g
                                      fill="none"
                                      fill-rule="evenodd"
                                      transform="translate(0 1)"
                                    >
                                      <ellipse
                                        class="ant-empty-img-simple-ellipse"
                                        cx="32"
                                        cy="33"
                                        rx="32"
                                        ry="7"
                                      />
                                      <g
                                        class="ant-empty-img-simple-g"
                                        fill-rule="nonzero"
                                      >
                                        <path
                                          d="M55 12.76L44.854 1.258C44.367.474 43.656 0 42.907 0H21.093c-.749 0-1.46.474-1.947 1.257L9 12.761V22h46v-9.24z"
                                        />
                                        <path
                                          class="ant-empty-img-simple-path"
                                          d="M41.613 15.931c0-1.605.994-2.93 2.227-2.931H55v18.137C55 33.26 53.68 35 52.05 35h-40.1C10.32 35 9 33.259 9 31.137V13h11.16c1.233 0 2.227 1.323 2.227 2.928v.022c0 1.605 1.005 2.901 2.237 2.901h14.752c1.232 0 2.237-1.308 2.237-2.913v-.007z"
                                        />
                                      </g>
                                    </g>
                                  </svg>
                                </div>
                                <p
                                  class="ant-empty-description"
                                >
                                  No Data
                                </p>
                              </div>
                            </td>
                          </tr>
                        </tbody>
                      </table>
                    </div>
                  </div>
                </div>
              </div>
            </div>
          </div>
        </div>
      </div>
    </div>
    <script
      src="https://www.gstatic.com/charts/loader.js"
    />
  </body>,
  "container": <div>
    <div
      class="dashboard-container"
    >
      <div
        class="charts-container"
      >
        <div
          class="chart-card"
        >
          <h3>
            Orders Count
          </h3>
          <div>
            Loading Chart
          </div>
        </div>
        <div
          class="chart-card"
        >
          <h3>
            Orders Total Price
          </h3>
          <div>
            Loading Chart
          </div>
        </div>
      </div>
      <div
        class="table-container"
      >
        <div
          class="ant-table-wrapper"
        >
          <div
            class="ant-spin-nested-loading"
          >
            <div
              class="ant-spin-container"
            >
              <div
                class="ant-table ant-table-empty"
              >
                <div
                  class="ant-table-container"
                >
                  <div
                    class="ant-table-content"
                  >
                    <table
                      style="table-layout: auto;"
                    >
                      <colgroup />
                      <thead
                        class="ant-table-thead"
                      >
                        <tr>
                          <th
                            class="ant-table-cell"
                          >
                            ID
                          </th>
                          <th
                            class="ant-table-cell"
                          >
                            First Name
                          </th>
                          <th
                            class="ant-table-cell"
                          >
                            Last Name
                          </th>
                          <th
                            class="ant-table-cell"
                          >
                            Email
                          </th>
                          <th
                            class="ant-table-cell"
                          >
                            Created
                          </th>
                          <th
                            class="ant-table-cell"
                          >
                            Orders
                          </th>
                        </tr>
                      </thead>
                      <tbody
                        class="ant-table-tbody"
                      >
                        <tr
                          class="ant-table-placeholder"
                        >
                          <td
                            class="ant-table-cell"
                            colspan="6"
                          >
                            <div
                              class="ant-empty ant-empty-normal"
                            >
                              <div
                                class="ant-empty-image"
                              >
                                <svg
                                  class="ant-empty-img-simple"
                                  height="41"
                                  viewBox="0 0 64 41"
                                  width="64"
                                  xmlns="http://www.w3.org/2000/svg"
                                >
                                  <g
                                    fill="none"
                                    fill-rule="evenodd"
                                    transform="translate(0 1)"
                                  >
                                    <ellipse
                                      class="ant-empty-img-simple-ellipse"
                                      cx="32"
                                      cy="33"
                                      rx="32"
                                      ry="7"
                                    />
                                    <g
                                      class="ant-empty-img-simple-g"
                                      fill-rule="nonzero"
                                    >
                                      <path
                                        d="M55 12.76L44.854 1.258C44.367.474 43.656 0 42.907 0H21.093c-.749 0-1.46.474-1.947 1.257L9 12.761V22h46v-9.24z"
                                      />
                                      <path
                                        class="ant-empty-img-simple-path"
                                        d="M41.613 15.931c0-1.605.994-2.93 2.227-2.931H55v18.137C55 33.26 53.68 35 52.05 35h-40.1C10.32 35 9 33.259 9 31.137V13h11.16c1.233 0 2.227 1.323 2.227 2.928v.022c0 1.605 1.005 2.901 2.237 2.901h14.752c1.232 0 2.237-1.308 2.237-2.913v-.007z"
                                      />
                                    </g>
                                  </g>
                                </svg>
                              </div>
                              <p
                                class="ant-empty-description"
                              >
                                No Data
                              </p>
                            </div>
                          </td>
                        </tr>
                      </tbody>
                    </table>
                  </div>
                </div>
              </div>
            </div>
          </div>
        </div>
      </div>
    </div>
  </div>,
  "debug": [Function],
  "findAllByAltText": [Function],
  "findAllByDisplayValue": [Function],
  "findAllByLabelText": [Function],
  "findAllByPlaceholderText": [Function],
  "findAllByRole": [Function],
  "findAllByTestId": [Function],
  "findAllByText": [Function],
  "findAllByTitle": [Function],
  "findByAltText": [Function],
  "findByDisplayValue": [Function],
  "findByLabelText": [Function],
  "findByPlaceholderText": [Function],
  "findByRole": [Function],
  "findByTestId": [Function],
  "findByText": [Function],
  "findByTitle": [Function],
  "getAllByAltText": [Function],
  "getAllByDisplayValue": [Function],
  "getAllByLabelText": [Function],
  "getAllByPlaceholderText": [Function],
  "getAllByRole": [Function],
  "getAllByTestId": [Function],
  "getAllByText": [Function],
  "getAllByTitle": [Function],
  "getByAltText": [Function],
  "getByDisplayValue": [Function],
  "getByLabelText": [Function],
  "getByPlaceholderText": [Function],
  "getByRole": [Function],
  "getByTestId": [Function],
  "getByText": [Function],
  "getByTitle": [Function],
  "queryAllByAltText": [Function],
  "queryAllByDisplayValue": [Function],
  "queryAllByLabelText": [Function],
  "queryAllByPlaceholderText": [Function],
  "queryAllByRole": [Function],
  "queryAllByTestId": [Function],
  "queryAllByText": [Function],
  "queryAllByTitle": [Function],
  "queryByAltText": [Function],
  "queryByDisplayValue": [Function],
  "queryByLabelText": [Function],
  "queryByPlaceholderText": [Function],
  "queryByRole": [Function],
  "queryByTestId": [Function],
  "queryByText": [Function],
  "queryByTitle": [Function],
  "rerender": [Function],
  "unmount": [Function],
}
`;
